\BOOKMARK [0][-]{dummy.3}{\376\377\000A\000b\000s\000t\000r\000a\000c\000t}{}% 1
\BOOKMARK [0][-]{dummy.5}{\376\377\000S\000u\000m\000m\000a\000r\000y}{}% 2
\BOOKMARK [0][-]{dummy.7}{\376\377\000A\000c\000k\000n\000o\000w\000l\000e\000d\000g\000m\000e\000n\000t}{}% 3
\BOOKMARK [0][-]{dummy.10}{\376\377\000T\000a\000b\000l\000e\000\040\000o\000f\000\040\000C\000o\000n\000t\000e\000n\000t\000s}{}% 4
\BOOKMARK [0][-]{dummy.11}{\376\377\000L\000i\000s\000t\000\040\000o\000f\000\040\000F\000i\000g\000u\000r\000e\000s}{}% 5
\BOOKMARK [0][-]{dummy.14}{\376\377\000L\000i\000s\000t\000\040\000o\000f\000\040\000A\000l\000g\000o\000r\000i\000t\000h\000m\000s}{}% 6
\BOOKMARK [0][-]{dummy.18}{\376\377\000L\000i\000s\000t\000\040\000o\000f\000\040\000A\000b\000b\000r\000e\000v\000i\000a\000t\000i\000o\000n\000s}{}% 7
\BOOKMARK [0][-]{dummy.21}{\376\377\000L\000i\000s\000t\000\040\000o\000f\000\040\000S\000y\000m\000b\000o\000l\000s}{}% 8
\BOOKMARK [0][-]{chapter.24}{\376\377\0001\000\040\000I\000n\000t\000r\000o\000d\000u\000c\000t\000i\000o\000n}{}% 9
\BOOKMARK [1][-]{section.25}{\376\377\0001\000.\0001\000\040\000M\000o\000t\000i\000v\000a\000t\000i\000o\000n}{chapter.24}% 10
\BOOKMARK [1][-]{section.26}{\376\377\0001\000.\0002\000\040\000P\000r\000o\000b\000l\000e\000m\000\040\000S\000t\000a\000t\000e\000m\000e\000n\000t}{chapter.24}% 11
\BOOKMARK [1][-]{section.27}{\376\377\0001\000.\0003\000\040\000R\000e\000s\000e\000a\000r\000c\000h\000\040\000O\000b\000j\000e\000c\000t\000i\000v\000e\000s}{chapter.24}% 12
\BOOKMARK [1][-]{section.28}{\376\377\0001\000.\0004\000\040\000T\000h\000e\000s\000i\000s\000\040\000S\000t\000r\000u\000c\000t\000u\000r\000e}{chapter.24}% 13
\BOOKMARK [0][-]{chapter.29}{\376\377\0002\000\040\000B\000a\000c\000k\000g\000r\000o\000u\000n\000d\000\040\000a\000n\000d\000\040\000R\000e\000l\000a\000t\000e\000d\000\040\000W\000o\000r\000k}{}% 14
\BOOKMARK [1][-]{section.30}{\376\377\0002\000.\0001\000\040\000C\000y\000b\000e\000r\000s\000e\000c\000u\000r\000i\000t\000y\000\040\000M\000o\000n\000i\000t\000o\000r\000i\000n\000g\000\040\000a\000n\000d\000\040\000S\000e\000c\000u\000r\000i\000t\000y\000\040\000O\000p\000e\000r\000a\000t\000i\000o\000n\000s\000\040\000C\000e\000n\000t\000e\000r\000s}{chapter.29}% 15
\BOOKMARK [1][-]{section.31}{\376\377\0002\000.\0002\000\040\000S\000e\000c\000u\000r\000i\000t\000y\000\040\000I\000n\000f\000o\000r\000m\000a\000t\000i\000o\000n\000\040\000a\000n\000d\000\040\000E\000v\000e\000n\000t\000\040\000M\000a\000n\000a\000g\000e\000m\000e\000n\000t\000\040\000\050\000S\000I\000E\000M\000\051}{chapter.29}% 16
\BOOKMARK [2][-]{subsection.32}{\376\377\0002\000.\0002\000.\0001\000\040\000L\000o\000g\000\040\000C\000o\000l\000l\000e\000c\000t\000i\000o\000n\000\040\000a\000n\000d\000\040\000N\000o\000r\000m\000a\000l\000i\000z\000a\000t\000i\000o\000n}{section.31}% 17
\BOOKMARK [2][-]{subsection.33}{\376\377\0002\000.\0002\000.\0002\000\040\000E\000v\000e\000n\000t\000\040\000C\000o\000r\000r\000e\000l\000a\000t\000i\000o\000n}{section.31}% 18
\BOOKMARK [2][-]{subsection.34}{\376\377\0002\000.\0002\000.\0003\000\040\000A\000l\000e\000r\000t\000i\000n\000g\000\040\000a\000n\000d\000\040\000I\000n\000c\000i\000d\000e\000n\000t\000\040\000R\000e\000s\000p\000o\000n\000s\000e}{section.31}% 19
\BOOKMARK [1][-]{section.35}{\376\377\0002\000.\0003\000\040\000L\000i\000m\000i\000t\000a\000t\000i\000o\000n\000s\000\040\000o\000f\000\040\000C\000u\000r\000r\000e\000n\000t\000\040\000S\000I\000E\000M\000\040\000S\000y\000s\000t\000e\000m\000s}{chapter.29}% 20
\BOOKMARK [2][-]{subsection.36}{\376\377\0002\000.\0003\000.\0001\000\040\000R\000u\000l\000e\000-\000B\000a\000s\000e\000d\000\040\000D\000e\000t\000e\000c\000t\000i\000o\000n}{section.35}% 21
\BOOKMARK [2][-]{subsection.37}{\376\377\0002\000.\0003\000.\0002\000\040\000A\000l\000e\000r\000t\000\040\000O\000v\000e\000r\000l\000o\000a\000d\000\040\000a\000n\000d\000\040\000F\000a\000l\000s\000e\000\040\000P\000o\000s\000i\000t\000i\000v\000e\000s}{section.35}% 22
\BOOKMARK [2][-]{subsection.38}{\376\377\0002\000.\0003\000.\0003\000\040\000S\000c\000a\000l\000a\000b\000i\000l\000i\000t\000y\000\040\000a\000n\000d\000\040\000D\000a\000t\000a\000\040\000V\000o\000l\000u\000m\000e}{section.35}% 23
\BOOKMARK [2][-]{subsection.39}{\376\377\0002\000.\0003\000.\0004\000\040\000D\000e\000p\000e\000n\000d\000e\000n\000c\000e\000\040\000o\000n\000\040\000H\000u\000m\000a\000n\000\040\000A\000n\000a\000l\000y\000s\000t\000s}{section.35}% 24
\BOOKMARK [1][-]{section.40}{\376\377\0002\000.\0004\000\040\000M\000a\000c\000h\000i\000n\000e\000\040\000L\000e\000a\000r\000n\000i\000n\000g\000\040\000A\000p\000p\000r\000o\000a\000c\000h\000e\000s\000\040\000t\000o\000\040\000I\000n\000t\000r\000u\000s\000i\000o\000n\000\040\000D\000e\000t\000e\000c\000t\000i\000o\000n}{chapter.29}% 25
\BOOKMARK [0][-]{chapter.41}{\376\377\0003\000\040\000S\000y\000s\000t\000e\000m\000\040\000R\000e\000q\000u\000i\000r\000e\000m\000e\000n\000t\000s}{}% 26
\BOOKMARK [1][-]{section.42}{\376\377\0003\000.\0001\000\040\000F\000u\000n\000c\000t\000i\000o\000n\000a\000l\000\040\000R\000e\000q\000u\000i\000r\000e\000m\000e\000n\000t\000s}{chapter.41}% 27
\BOOKMARK [1][-]{section.43}{\376\377\0003\000.\0002\000\040\000N\000o\000n\000-\000F\000u\000n\000c\000t\000i\000o\000n\000a\000l\000\040\000R\000e\000q\000u\000i\000r\000e\000m\000e\000n\000t\000s}{chapter.41}% 28
\BOOKMARK [1][-]{section.44}{\376\377\0003\000.\0003\000\040\000S\000e\000c\000u\000r\000i\000t\000y\000\040\000a\000n\000d\000\040\000S\000a\000f\000e\000t\000y\000\040\000R\000e\000q\000u\000i\000r\000e\000m\000e\000n\000t\000s}{chapter.41}% 29
\BOOKMARK [0][-]{chapter.45}{\376\377\0004\000\040\000S\000y\000s\000t\000e\000m\000\040\000D\000e\000s\000i\000g\000n\000\040\000a\000n\000d\000\040\000A\000r\000c\000h\000i\000t\000e\000c\000t\000u\000r\000e}{}% 30
\BOOKMARK [1][-]{section.46}{\376\377\0004\000.\0001\000\040\000D\000e\000s\000i\000g\000n\000\040\000G\000o\000a\000l\000s}{chapter.45}% 31
\BOOKMARK [1][-]{section.47}{\376\377\0004\000.\0002\000\040\000K\000e\000y\000\040\000A\000r\000c\000h\000i\000t\000e\000c\000t\000u\000r\000a\000l\000\040\000D\000e\000c\000i\000s\000i\000o\000n\000s}{chapter.45}% 32
\BOOKMARK [2][-]{subsection.48}{\376\377\0004\000.\0002\000.\0001\000\040\000M\000o\000d\000u\000l\000a\000r\000\040\000M\000o\000n\000o\000l\000i\000t\000h\000\040\000o\000v\000e\000r\000\040\000M\000u\000l\000t\000i\000-\000A\000g\000e\000n\000t\000\040\000A\000r\000c\000h\000i\000t\000e\000c\000t\000u\000r\000e}{section.47}% 33
\BOOKMARK [2][-]{subsection.49}{\376\377\0004\000.\0002\000.\0002\000\040\000T\000w\000o\000-\000P\000r\000o\000c\000e\000s\000s\000\040\000B\000o\000u\000n\000d\000a\000r\000y\000:\000\040\000C\000\043\000\040\000O\000r\000c\000h\000e\000s\000t\000r\000a\000t\000i\000o\000n\000\040\000a\000n\000d\000\040\000P\000y\000t\000h\000o\000n\000\040\000I\000n\000t\000e\000l\000l\000i\000g\000e\000n\000c\000e}{section.47}% 34
\BOOKMARK [2][-]{subsection.50}{\376\377\0004\000.\0002\000.\0003\000\040\000I\000n\000t\000e\000r\000f\000a\000c\000e\000-\000D\000r\000i\000v\000e\000n\000\040\000D\000e\000s\000i\000g\000n}{section.47}% 35
\BOOKMARK [2][-]{subsection.51}{\376\377\0004\000.\0002\000.\0004\000\040\000P\000o\000l\000i\000c\000y\000\040\000a\000s\000\040\000a\000\040\000L\000o\000c\000a\000l\000,\000\040\000S\000y\000n\000c\000h\000r\000o\000n\000o\000u\000s\000\040\000G\000a\000t\000e}{section.47}% 36
\BOOKMARK [2][-]{subsection.52}{\376\377\0004\000.\0002\000.\0005\000\040\000S\000t\000r\000u\000c\000t\000u\000r\000e\000d\000\040\000P\000r\000e\000d\000i\000c\000t\000i\000o\000n\000\040\000o\000v\000e\000r\000\040\000F\000r\000e\000e\000-\000F\000o\000r\000m\000\040\000P\000l\000a\000n\000n\000i\000n\000g}{section.47}% 37
\BOOKMARK [1][-]{section.53}{\376\377\0004\000.\0003\000\040\000S\000y\000s\000t\000e\000m\000\040\000O\000v\000e\000r\000v\000i\000e\000w}{chapter.45}% 38
\BOOKMARK [1][-]{section.54}{\376\377\0004\000.\0004\000\040\000E\000v\000e\000n\000t\000\040\000I\000n\000g\000e\000s\000t\000i\000o\000n\000\040\000L\000a\000y\000e\000r}{chapter.45}% 39
\BOOKMARK [1][-]{section.55}{\376\377\0004\000.\0005\000\040\000N\000o\000r\000m\000a\000l\000i\000z\000a\000t\000i\000o\000n\000\040\000a\000n\000d\000\040\000E\000n\000r\000i\000c\000h\000m\000e\000n\000t}{chapter.45}% 40
\BOOKMARK [1][-]{section.56}{\376\377\0004\000.\0006\000\040\000T\000h\000r\000e\000a\000t\000\040\000S\000c\000o\000r\000i\000n\000g\000\040\000C\000o\000m\000p\000o\000n\000e\000n\000t}{chapter.45}% 41
\BOOKMARK [1][-]{section.57}{\376\377\0004\000.\0007\000\040\000D\000e\000c\000i\000s\000i\000o\000n\000\040\000P\000l\000a\000n\000n\000i\000n\000g\000\040\000C\000o\000m\000p\000o\000n\000e\000n\000t}{chapter.45}% 42
\BOOKMARK [1][-]{section.58}{\376\377\0004\000.\0008\000\040\000P\000o\000l\000i\000c\000y\000\040\000a\000n\000d\000\040\000S\000a\000f\000e\000t\000y\000\040\000L\000a\000y\000e\000r}{chapter.45}% 43
\BOOKMARK [1][-]{section.59}{\376\377\0004\000.\0009\000\040\000A\000c\000t\000i\000o\000n\000\040\000E\000x\000e\000c\000u\000t\000i\000o\000n\000\040\000a\000n\000d\000\040\000R\000e\000s\000p\000o\000n\000s\000e}{chapter.45}% 44
\BOOKMARK [1][-]{section.60}{\376\377\0004\000.\0001\0000\000\040\000A\000u\000d\000i\000t\000\040\000a\000n\000d\000\040\000E\000x\000p\000l\000a\000i\000n\000a\000b\000i\000l\000i\000t\000y\000\040\000C\000o\000m\000p\000o\000n\000e\000n\000t\000s}{chapter.45}% 45
\BOOKMARK [1][-]{section.61}{\376\377\0004\000.\0001\0001\000\040\000C\000r\000o\000s\000s\000-\000C\000u\000t\000t\000i\000n\000g\000\040\000C\000o\000n\000c\000e\000r\000n\000s}{chapter.45}% 46
\BOOKMARK [0][-]{chapter.62}{\376\377\0005\000\040\000I\000m\000p\000l\000e\000m\000e\000n\000t\000a\000t\000i\000o\000n}{}% 47
\BOOKMARK [1][-]{section.63}{\376\377\0005\000.\0001\000\040\000T\000e\000c\000h\000n\000o\000l\000o\000g\000y\000\040\000S\000t\000a\000c\000k}{chapter.62}% 48
\BOOKMARK [2][-]{subsection.64}{\376\377\0005\000.\0001\000.\0001\000\040\000O\000r\000c\000h\000e\000s\000t\000r\000a\000t\000i\000o\000n\000\040\000L\000a\000y\000e\000r\000:\000\040\000.\000N\000E\000T\000\040\0009\000\040\000/\000\040\000C\000\043}{section.63}% 49
\BOOKMARK [2][-]{subsection.65}{\376\377\0005\000.\0001\000.\0002\000\040\000I\000n\000t\000e\000l\000l\000i\000g\000e\000n\000c\000e\000\040\000L\000a\000y\000e\000r\000:\000\040\000P\000y\000t\000h\000o\000n\000\040\000/\000\040\000F\000a\000s\000t\000A\000P\000I}{section.63}% 50
\BOOKMARK [2][-]{subsection.66}{\376\377\0005\000.\0001\000.\0003\000\040\000M\000o\000d\000e\000l\000\040\000T\000r\000a\000i\000n\000i\000n\000g}{section.63}% 51
\BOOKMARK [2][-]{subsection.67}{\376\377\0005\000.\0001\000.\0004\000\040\000P\000e\000r\000s\000i\000s\000t\000e\000n\000c\000e\000\040\000a\000n\000d\000\040\000C\000o\000n\000f\000i\000g\000u\000r\000a\000t\000i\000o\000n}{section.63}% 52
\BOOKMARK [1][-]{section.68}{\376\377\0005\000.\0002\000\040\000C\000o\000r\000e\000\040\000E\000n\000g\000i\000n\000e\000\040\000I\000m\000p\000l\000e\000m\000e\000n\000t\000a\000t\000i\000o\000n}{chapter.62}% 53
\BOOKMARK [2][-]{subsection.69}{\376\377\0005\000.\0002\000.\0001\000\040\000K\000e\000y\000\040\000I\000n\000t\000e\000r\000f\000a\000c\000e\000s}{section.68}% 54
\BOOKMARK [2][-]{subsection.70}{\376\377\0005\000.\0002\000.\0002\000\040\000N\000o\000r\000m\000a\000l\000i\000z\000a\000t\000i\000o\000n\000\040\000a\000n\000d\000\040\000E\000n\000r\000i\000c\000h\000m\000e\000n\000t}{section.68}% 55
\BOOKMARK [2][-]{subsection.71}{\376\377\0005\000.\0002\000.\0003\000\040\000W\000e\000b\000h\000o\000o\000k\000\040\000a\000n\000d\000\040\000P\000o\000l\000l\000i\000n\000g\000\040\000M\000o\000d\000e\000s}{section.68}% 56
\BOOKMARK [1][-]{section.72}{\376\377\0005\000.\0003\000\040\000I\000n\000t\000e\000l\000l\000i\000g\000e\000n\000c\000e\000\040\000S\000e\000r\000v\000i\000c\000e}{chapter.62}% 57
\BOOKMARK [1][-]{section.73}{\376\377\0005\000.\0004\000\040\000M\000o\000d\000e\000l\000\040\000R\000e\000g\000i\000s\000t\000r\000y\000\040\000a\000n\000d\000\040\000P\000r\000o\000f\000i\000l\000e\000-\000B\000a\000s\000e\000d\000\040\000B\000a\000c\000k\000e\000n\000d\000\040\000S\000e\000l\000e\000c\000t\000i\000o\000n}{chapter.62}% 58
\BOOKMARK [1][-]{section.74}{\376\377\0005\000.\0005\000\040\000T\000h\000r\000e\000a\000t\000\040\000S\000c\000o\000r\000i\000n\000g\000\040\000C\000o\000m\000p\000o\000n\000e\000n\000t}{chapter.62}% 59
\BOOKMARK [1][-]{section.75}{\376\377\0005\000.\0006\000\040\000D\000e\000c\000i\000s\000i\000o\000n\000\040\000P\000l\000a\000n\000n\000i\000n\000g\000\040\000C\000o\000m\000p\000o\000n\000e\000n\000t}{chapter.62}% 60
\BOOKMARK [1][-]{section.76}{\376\377\0005\000.\0007\000\040\000P\000o\000l\000i\000c\000y\000\040\000a\000n\000d\000\040\000S\000a\000f\000e\000t\000y\000\040\000L\000a\000y\000e\000r}{chapter.62}% 61
\BOOKMARK [1][-]{section.77}{\376\377\0005\000.\0008\000\040\000E\000x\000e\000c\000u\000t\000i\000o\000n\000\040\000P\000i\000p\000e\000l\000i\000n\000e}{chapter.62}% 62
\BOOKMARK [1][-]{section.78}{\376\377\0005\000.\0009\000\040\000A\000u\000d\000i\000t\000i\000n\000g\000\040\000a\000n\000d\000\040\000C\000a\000s\000e\000\040\000M\000a\000n\000a\000g\000e\000m\000e\000n\000t}{chapter.62}% 63
\BOOKMARK [1][-]{section.79}{\376\377\0005\000.\0001\0000\000\040\000D\000e\000p\000l\000o\000y\000m\000e\000n\000t\000\040\000a\000n\000d\000\040\000S\000y\000s\000t\000e\000m\000\040\000S\000e\000t\000u\000p}{chapter.62}% 64
\BOOKMARK [0][-]{chapter.80}{\376\377\0006\000\040\000D\000a\000t\000a\000s\000e\000t\000\040\000P\000i\000p\000e\000l\000i\000n\000e\000\040\000a\000n\000d\000\040\000T\000r\000a\000i\000n\000i\000n\000g}{}% 65
\BOOKMARK [1][-]{section.81}{\376\377\0006\000.\0001\000\040\000S\000e\000c\000u\000r\000i\000t\000y\000\040\000D\000a\000t\000a\000s\000e\000t\000s\000\040\000a\000n\000d\000\040\000T\000h\000e\000i\000r\000\040\000R\000o\000l\000e\000s}{chapter.80}% 66
\BOOKMARK [2][-]{subsection.82}{\376\377\0006\000.\0001\000.\0001\000\040\000M\000I\000T\000R\000E\000\040\000A\000T\000T\000\046\000C\000K\000\040\000\050\000S\000T\000I\000X\000\051}{section.81}% 67
\BOOKMARK [2][-]{subsection.83}{\376\377\0006\000.\0001\000.\0002\000\040\000M\000o\000r\000d\000o\000r\000\040\000/\000\040\000S\000e\000c\000u\000r\000i\000t\000y\000\040\000D\000a\000t\000a\000s\000e\000t\000s}{section.81}% 68
\BOOKMARK [2][-]{subsection.84}{\376\377\0006\000.\0001\000.\0003\000\040\000C\000I\000C\000-\000I\000D\000S\0002\0000\0001\0008}{section.81}% 69
\BOOKMARK [2][-]{subsection.85}{\376\377\0006\000.\0001\000.\0004\000\040\000D\000A\000R\000P\000A\000\040\000T\000r\000a\000n\000s\000p\000a\000r\000e\000n\000t\000\040\000C\000o\000m\000p\000u\000t\000i\000n\000g\000\040\000\050\000T\000C\000\051}{section.81}% 70
\BOOKMARK [2][-]{subsection.86}{\376\377\0006\000.\0001\000.\0005\000\040\000S\000y\000n\000t\000h\000e\000t\000i\000c\000\040\000S\000c\000e\000n\000a\000r\000i\000o\000\040\000G\000e\000n\000e\000r\000a\000t\000i\000o\000n}{section.81}% 71
\BOOKMARK [1][-]{section.87}{\376\377\0006\000.\0002\000\040\000D\000a\000t\000a\000s\000e\000t\000\040\000P\000r\000o\000c\000e\000s\000s\000i\000n\000g\000\040\000a\000n\000d\000\040\000N\000o\000r\000m\000a\000l\000i\000s\000a\000t\000i\000o\000n}{chapter.80}% 72
\BOOKMARK [2][-]{subsection.88}{\376\377\0006\000.\0002\000.\0001\000\040\000S\000c\000h\000e\000m\000a\000\040\000M\000a\000p\000p\000i\000n\000g}{section.87}% 73
\BOOKMARK [2][-]{subsection.89}{\376\377\0006\000.\0002\000.\0002\000\040\000L\000a\000b\000e\000l\000\040\000A\000s\000s\000i\000g\000n\000m\000e\000n\000t\000\040\000a\000n\000d\000\040\000S\000e\000v\000e\000r\000i\000t\000y\000\040\000C\000a\000l\000i\000b\000r\000a\000t\000i\000o\000n}{section.87}% 74
\BOOKMARK [2][-]{subsection.90}{\376\377\0006\000.\0002\000.\0003\000\040\000A\000c\000t\000i\000o\000n\000\040\000B\000a\000l\000a\000n\000c\000i\000n\000g}{section.87}% 75
\BOOKMARK [1][-]{section.91}{\376\377\0006\000.\0003\000\040\000T\000r\000a\000i\000n\000i\000n\000g\000\040\000D\000a\000t\000a\000\040\000F\000o\000r\000m\000a\000t\000\040\000E\000v\000o\000l\000u\000t\000i\000o\000n}{chapter.80}% 76
\BOOKMARK [2][-]{subsection.92}{\376\377\0006\000.\0003\000.\0001\000\040\000V\000e\000r\000s\000i\000o\000n\000\040\0001\000:\000\040\000F\000u\000l\000l\000\040\000J\000S\000O\000N\000\040\000P\000r\000o\000m\000p\000t}{section.91}% 77
\BOOKMARK [2][-]{subsection.93}{\376\377\0006\000.\0003\000.\0002\000\040\000V\000e\000r\000s\000i\000o\000n\000\040\0002\000:\000\040\000C\000a\000n\000o\000n\000i\000c\000a\000l\000\040\000F\000l\000a\000t\000\040\000F\000o\000r\000m\000a\000t}{section.91}% 78
\BOOKMARK [2][-]{subsection.94}{\376\377\0006\000.\0003\000.\0003\000\040\000V\000e\000r\000s\000i\000o\000n\000\040\0003\000:\000\040\000C\000o\000m\000p\000a\000c\000t\000\040\000P\000i\000p\000e\000-\000D\000e\000l\000i\000m\000i\000t\000e\000d\000\040\000F\000o\000r\000m\000a\000t\000\040\000\050\000F\000i\000n\000a\000l\000\051}{section.91}% 79
\BOOKMARK [1][-]{section.95}{\376\377\0006\000.\0004\000\040\000T\000h\000e\000\040\000S\000c\000o\000r\000e\000r\000:\000\040\000F\000r\000o\000m\000\040\000N\000o\000n\000-\000F\000u\000n\000c\000t\000i\000o\000n\000a\000l\000\040\000B\000a\000s\000e\000l\000i\000n\000e\000\040\000t\000o\000\040\000C\000a\000l\000i\000b\000r\000a\000t\000e\000d\000\040\000C\000l\000a\000s\000s\000i\000f\000i\000e\000r}{chapter.80}% 80
\BOOKMARK [2][-]{subsection.96}{\376\377\0006\000.\0004\000.\0001\000\040\000A\000t\000t\000e\000m\000p\000t\000\040\0001\000:\000\040\000Z\000e\000r\000o\000-\000S\000h\000o\000t\000\040\000L\000L\000M\000\040\000\050\000b\000a\000r\000o\000n\000-\000s\000e\000c\000u\000r\000i\000t\000y\000\051}{section.95}% 81
\BOOKMARK [2][-]{subsection.97}{\376\377\0006\000.\0004\000.\0002\000\040\000A\000t\000t\000e\000m\000p\000t\000\040\0002\000:\000\040\000Q\000L\000o\000R\000A\000\040\000F\000i\000n\000e\000-\000T\000u\000n\000i\000n\000g\000\040\000o\000n\000\040\000F\000o\000u\000n\000d\000a\000t\000i\000o\000n\000-\000S\000e\000c\000-\0008\000B}{section.95}% 82
\BOOKMARK [2][-]{subsection.98}{\376\377\0006\000.\0004\000.\0003\000\040\000A\000t\000t\000e\000m\000p\000t\000\040\0003\000:\000\040\000T\000F\000-\000I\000D\000F\000\040\000C\000l\000a\000s\000s\000i\000f\000i\000e\000r\000\040\000P\000i\000p\000e\000l\000i\000n\000e\000\040\000\050\000F\000i\000n\000a\000l\000\051}{section.95}% 83
\BOOKMARK [1][-]{section.99}{\376\377\0006\000.\0005\000\040\000T\000h\000e\000\040\000P\000l\000a\000n\000n\000e\000r\000:\000\040\000F\000o\000u\000r\000\040\000A\000p\000p\000r\000o\000a\000c\000h\000e\000s\000\040\000t\000o\000\040\000S\000t\000r\000u\000c\000t\000u\000r\000e\000d\000\040\000P\000r\000e\000d\000i\000c\000t\000i\000o\000n}{chapter.80}% 84
\BOOKMARK [2][-]{subsection.100}{\376\377\0006\000.\0005\000.\0001\000\040\000A\000t\000t\000e\000m\000p\000t\000\040\0001\000:\000\040\000Z\000e\000r\000o\000-\000S\000h\000o\000t\000\040\000L\000L\000M}{section.99}% 85
\BOOKMARK [2][-]{subsection.101}{\376\377\0006\000.\0005\000.\0002\000\040\000A\000t\000t\000e\000m\000p\000t\000\040\0002\000:\000\040\000F\000o\000u\000n\000d\000a\000t\000i\000o\000n\000-\000S\000e\000c\000-\0008\000B\000\040\000Q\000L\000o\000R\000A\000\040\000F\000i\000n\000e\000-\000T\000u\000n\000i\000n\000g}{section.99}% 86
\BOOKMARK [2][-]{subsection.102}{\376\377\0006\000.\0005\000.\0003\000\040\000A\000t\000t\000e\000m\000p\000t\000\040\0003\000:\000\040\000S\000e\000q\0002\000S\000e\000q\000\040\000F\000i\000n\000e\000-\000T\000u\000n\000i\000n\000g\000\040\000\050\000f\000l\000a\000n\000-\000t\0005\000\051}{section.99}% 87
\BOOKMARK [2][-]{subsection.103}{\376\377\0006\000.\0005\000.\0004\000\040\000A\000t\000t\000e\000m\000p\000t\000\040\0004\000:\000\040\000C\000u\000s\000t\000o\000m\000\040\000M\000u\000l\000t\000i\000-\000H\000e\000a\000d\000\040\000M\000L\000P\000\040\000\050\000F\000i\000n\000a\000l\000\051}{section.99}% 88
\BOOKMARK [1][-]{section.104}{\376\377\0006\000.\0006\000\040\000E\000v\000a\000l\000u\000a\000t\000i\000o\000n\000\040\000a\000n\000d\000\040\000R\000e\000s\000u\000l\000t\000s\000\040\000C\000o\000m\000p\000a\000r\000i\000s\000o\000n}{chapter.80}% 89
\BOOKMARK [1][-]{section.105}{\376\377\0006\000.\0007\000\040\000I\000n\000t\000e\000g\000r\000a\000t\000i\000o\000n\000\040\000w\000i\000t\000h\000\040\000t\000h\000e\000\040\000I\000n\000t\000e\000l\000l\000i\000g\000e\000n\000c\000e\000\040\000S\000e\000r\000v\000i\000c\000e}{chapter.80}% 90
\BOOKMARK [0][-]{chapter.106}{\376\377\0007\000\040\000E\000v\000a\000l\000u\000a\000t\000i\000o\000n}{}% 91
\BOOKMARK [1][-]{section.107}{\376\377\0007\000.\0001\000\040\000E\000v\000a\000l\000u\000a\000t\000i\000o\000n\000\040\000S\000e\000t\000u\000p}{chapter.106}% 92
\BOOKMARK [2][-]{subsection.108}{\376\377\0007\000.\0001\000.\0001\000\040\000D\000a\000t\000a\000s\000e\000t\000\040\000a\000n\000d\000\040\000S\000p\000l\000i\000t}{section.107}% 93
\BOOKMARK [2][-]{subsection.109}{\376\377\0007\000.\0001\000.\0002\000\040\000E\000v\000a\000l\000u\000a\000t\000i\000o\000n\000\040\000M\000e\000t\000r\000i\000c\000s}{section.107}% 94
\BOOKMARK [2][-]{subsection.110}{\376\377\0007\000.\0001\000.\0003\000\040\000E\000v\000a\000l\000u\000a\000t\000i\000o\000n\000\040\000E\000n\000v\000i\000r\000o\000n\000m\000e\000n\000t}{section.107}% 95
\BOOKMARK [1][-]{section.111}{\376\377\0007\000.\0002\000\040\000D\000e\000t\000e\000c\000t\000i\000o\000n\000\040\000P\000e\000r\000f\000o\000r\000m\000a\000n\000c\000e}{chapter.106}% 96
\BOOKMARK [2][-]{subsection.112}{\376\377\0007\000.\0002\000.\0001\000\040\000S\000c\000o\000r\000e\000r\000\040\000R\000e\000s\000u\000l\000t\000s}{section.111}% 97
\BOOKMARK [2][-]{subsection.113}{\376\377\0007\000.\0002\000.\0002\000\040\000C\000a\000l\000i\000b\000r\000a\000t\000e\000d\000\040\000C\000o\000n\000f\000i\000d\000e\000n\000c\000e\000\040\000B\000e\000h\000a\000v\000i\000o\000r}{section.111}% 98
\BOOKMARK [2][-]{subsection.114}{\376\377\0007\000.\0002\000.\0003\000\040\000C\000o\000m\000p\000a\000r\000i\000s\000o\000n\000\040\000w\000i\000t\000h\000\040\000L\000L\000M\000\040\000B\000a\000s\000e\000l\000i\000n\000e\000s}{section.111}% 99
\BOOKMARK [1][-]{section.115}{\376\377\0007\000.\0003\000\040\000R\000e\000s\000p\000o\000n\000s\000e\000\040\000P\000l\000a\000n\000n\000i\000n\000g\000\040\000E\000v\000a\000l\000u\000a\000t\000i\000o\000n}{chapter.106}% 100
\BOOKMARK [2][-]{subsection.116}{\376\377\0007\000.\0003\000.\0001\000\040\000S\000u\000m\000m\000a\000r\000y\000\040\000o\000f\000\040\000M\000o\000d\000e\000l\000\040\000P\000r\000o\000g\000r\000e\000s\000s\000i\000o\000n}{section.115}% 101
\BOOKMARK [2][-]{subsection.117}{\376\377\0007\000.\0003\000.\0002\000\040\000I\000n\000t\000e\000r\000p\000r\000e\000t\000a\000t\000i\000o\000n\000\040\000o\000f\000\040\000R\000e\000m\000a\000i\000n\000i\000n\000g\000\040\000E\000r\000r\000o\000r\000s}{section.115}% 102
\BOOKMARK [2][-]{subsection.118}{\376\377\0007\000.\0003\000.\0003\000\040\000P\000o\000l\000i\000c\000y\000\040\000E\000n\000g\000i\000n\000e\000\040\000C\000o\000r\000r\000e\000c\000t\000n\000e\000s\000s}{section.115}% 103
\BOOKMARK [1][-]{section.119}{\376\377\0007\000.\0004\000\040\000E\000x\000a\000m\000p\000l\000e\000\040\000I\000n\000c\000i\000d\000e\000n\000t\000\040\000S\000c\000e\000n\000a\000r\000i\000o\000s}{chapter.106}% 104
\BOOKMARK [2][-]{subsection.120}{\376\377\0007\000.\0004\000.\0001\000\040\000S\000c\000e\000n\000a\000r\000i\000o\000\040\0001\000:\000\040\000M\000a\000l\000w\000a\000r\000e\000\040\000H\000a\000s\000h\000\040\000D\000e\000t\000e\000c\000t\000i\000o\000n\000\040\040\024\000\040\000A\000u\000t\000o\000n\000o\000m\000o\000u\000s\000\040\000C\000o\000n\000t\000a\000i\000n\000m\000e\000n\000t}{section.119}% 105
\BOOKMARK [2][-]{subsection.121}{\376\377\0007\000.\0004\000.\0002\000\040\000S\000c\000e\000n\000a\000r\000i\000o\000\040\0002\000:\000\040\000B\000r\000u\000t\000e\000\040\000F\000o\000r\000c\000e\000\040\000A\000t\000t\000e\000m\000p\000t\000\040\040\024\000\040\000C\000o\000n\000d\000i\000t\000i\000o\000n\000a\000l\000\040\000C\000o\000n\000t\000a\000i\000n\000m\000e\000n\000t}{section.119}% 106
\BOOKMARK [2][-]{subsection.122}{\376\377\0007\000.\0004\000.\0003\000\040\000S\000c\000e\000n\000a\000r\000i\000o\000\040\0003\000:\000\040\000S\000u\000s\000p\000i\000c\000i\000o\000u\000s\000\040\000P\000r\000o\000c\000e\000s\000s\000\040\040\024\000\040\000I\000n\000v\000e\000s\000t\000i\000g\000a\000t\000i\000v\000e\000\040\000H\000o\000l\000d}{section.119}% 107
\BOOKMARK [2][-]{subsection.123}{\376\377\0007\000.\0004\000.\0004\000\040\000S\000c\000e\000n\000a\000r\000i\000o\000\040\0004\000:\000\040\000B\000e\000n\000i\000g\000n\000\040\000N\000o\000i\000s\000e\000\040\040\024\000\040\000A\000u\000t\000o\000n\000o\000m\000o\000u\000s\000\040\000D\000i\000s\000m\000i\000s\000s\000a\000l}{section.119}% 108
\BOOKMARK [1][-]{section.124}{\376\377\0007\000.\0005\000\040\000D\000i\000s\000c\000u\000s\000s\000i\000o\000n\000\040\000o\000f\000\040\000R\000e\000s\000u\000l\000t\000s}{chapter.106}% 109
\BOOKMARK [0][-]{chapter.125}{\376\377\0008\000\040\000D\000i\000s\000c\000u\000s\000s\000i\000o\000n}{}% 110
\BOOKMARK [1][-]{section.126}{\376\377\0008\000.\0001\000\040\000A\000d\000v\000a\000n\000t\000a\000g\000e\000s\000\040\000o\000f\000\040\000t\000h\000e\000\040\000P\000r\000o\000p\000o\000s\000e\000d\000\040\000S\000y\000s\000t\000e\000m}{chapter.125}% 111
\BOOKMARK [2][-]{subsection.127}{\376\377\0008\000.\0001\000.\0001\000\040\000E\000x\000p\000l\000a\000i\000n\000a\000b\000i\000l\000i\000t\000y\000\040\000a\000s\000\040\000a\000\040\000F\000i\000r\000s\000t\000-\000C\000l\000a\000s\000s\000\040\000O\000u\000t\000p\000u\000t}{section.126}% 112
\BOOKMARK [2][-]{subsection.128}{\376\377\0008\000.\0001\000.\0002\000\040\000S\000a\000f\000e\000t\000y\000\040\000I\000n\000d\000e\000p\000e\000n\000d\000e\000n\000t\000\040\000o\000f\000\040\000M\000o\000d\000e\000l\000\040\000Q\000u\000a\000l\000i\000t\000y}{section.126}% 113
\BOOKMARK [2][-]{subsection.129}{\376\377\0008\000.\0001\000.\0003\000\040\000O\000p\000e\000r\000a\000t\000i\000o\000n\000a\000l\000\040\000F\000e\000a\000s\000i\000b\000i\000l\000i\000t\000y}{section.126}% 114
\BOOKMARK [2][-]{subsection.130}{\376\377\0008\000.\0001\000.\0004\000\040\000M\000o\000d\000e\000l\000-\000A\000g\000n\000o\000s\000t\000i\000c\000\040\000A\000r\000c\000h\000i\000t\000e\000c\000t\000u\000r\000e}{section.126}% 115
\BOOKMARK [1][-]{section.131}{\376\377\0008\000.\0002\000\040\000C\000o\000m\000p\000a\000r\000i\000s\000o\000n\000\040\000w\000i\000t\000h\000\040\000T\000r\000a\000d\000i\000t\000i\000o\000n\000a\000l\000\040\000S\000I\000E\000M\000\040\000a\000n\000d\000\040\000S\000O\000A\000R\000\040\000A\000p\000p\000r\000o\000a\000c\000h\000e\000s}{chapter.125}% 116
\BOOKMARK [2][-]{subsection.132}{\376\377\0008\000.\0002\000.\0001\000\040\000A\000g\000a\000i\000n\000s\000t\000\040\000S\000I\000E\000M\000\040\000P\000l\000a\000t\000f\000o\000r\000m\000s}{section.131}% 117
\BOOKMARK [2][-]{subsection.133}{\376\377\0008\000.\0002\000.\0002\000\040\000A\000g\000a\000i\000n\000s\000t\000\040\000P\000l\000a\000y\000b\000o\000o\000k\000-\000B\000a\000s\000e\000d\000\040\000S\000O\000A\000R}{section.131}% 118
\BOOKMARK [2][-]{subsection.134}{\376\377\0008\000.\0002\000.\0003\000\040\000A\000g\000a\000i\000n\000s\000t\000\040\000G\000e\000n\000e\000r\000a\000t\000i\000v\000e\000\040\000L\000L\000M\000-\000B\000a\000s\000e\000d\000\040\000P\000l\000a\000n\000n\000i\000n\000g}{section.131}% 119
\BOOKMARK [1][-]{section.135}{\376\377\0008\000.\0003\000\040\000L\000i\000m\000i\000t\000a\000t\000i\000o\000n\000s}{chapter.125}% 120
\BOOKMARK [2][-]{subsection.136}{\376\377\0008\000.\0003\000.\0001\000\040\000E\000v\000a\000l\000u\000a\000t\000i\000o\000n\000\040\000o\000n\000\040\000S\000y\000n\000t\000h\000e\000t\000i\000c\000\040\000D\000a\000t\000a\000\040\000O\000n\000l\000y}{section.135}% 121
\BOOKMARK [2][-]{subsection.137}{\376\377\0008\000.\0003\000.\0002\000\040\000L\000i\000m\000i\000t\000e\000d\000\040\000A\000l\000e\000r\000t\000\040\000T\000y\000p\000e\000\040\000C\000o\000v\000e\000r\000a\000g\000e}{section.135}% 122
\BOOKMARK [2][-]{subsection.138}{\376\377\0008\000.\0003\000.\0003\000\040\000S\000i\000m\000u\000l\000a\000t\000e\000d\000\040\000S\000I\000E\000M\000\040\000C\000o\000n\000n\000e\000c\000t\000o\000r}{section.135}% 123
\BOOKMARK [2][-]{subsection.139}{\376\377\0008\000.\0003\000.\0004\000\040\000M\000a\000n\000u\000a\000l\000l\000y\000\040\000A\000u\000t\000h\000o\000r\000e\000d\000\040\000P\000o\000l\000i\000c\000y\000\040\000R\000u\000l\000e\000s}{section.135}% 124
\BOOKMARK [2][-]{subsection.140}{\376\377\0008\000.\0003\000.\0005\000\040\000F\000e\000e\000d\000b\000a\000c\000k\000\040\000L\000o\000o\000p\000\040\000N\000o\000t\000\040\000F\000u\000l\000l\000y\000\040\000C\000l\000o\000s\000e\000d}{section.135}% 125
\BOOKMARK [1][-]{section.141}{\376\377\0008\000.\0004\000\040\000T\000h\000r\000e\000a\000t\000s\000\040\000t\000o\000\040\000V\000a\000l\000i\000d\000i\000t\000y}{chapter.125}% 126
\BOOKMARK [2][-]{subsection.142}{\376\377\0008\000.\0004\000.\0001\000\040\000I\000n\000t\000e\000r\000n\000a\000l\000\040\000V\000a\000l\000i\000d\000i\000t\000y}{section.141}% 127
\BOOKMARK [2][-]{subsection.143}{\376\377\0008\000.\0004\000.\0002\000\040\000E\000x\000t\000e\000r\000n\000a\000l\000\040\000V\000a\000l\000i\000d\000i\000t\000y}{section.141}% 128
\BOOKMARK [2][-]{subsection.144}{\376\377\0008\000.\0004\000.\0003\000\040\000C\000o\000n\000s\000t\000r\000u\000c\000t\000\040\000V\000a\000l\000i\000d\000i\000t\000y}{section.141}% 129
\BOOKMARK [2][-]{subsection.145}{\376\377\0008\000.\0004\000.\0004\000\040\000S\000t\000a\000t\000i\000s\000t\000i\000c\000a\000l\000\040\000V\000a\000l\000i\000d\000i\000t\000y}{section.141}% 130
\BOOKMARK [0][-]{chapter.146}{\376\377\0009\000\040\000C\000o\000n\000c\000l\000u\000s\000i\000o\000n\000\040\000a\000n\000d\000\040\000F\000u\000t\000u\000r\000e\000\040\000W\000o\000r\000k}{}% 131
\BOOKMARK [1][-]{section.147}{\376\377\0009\000.\0001\000\040\000S\000u\000m\000m\000a\000r\000y\000\040\000o\000f\000\040\000C\000o\000n\000t\000r\000i\000b\000u\000t\000i\000o\000n\000s}{chapter.146}% 132
\BOOKMARK [1][-]{section.148}{\376\377\0009\000.\0002\000\040\000F\000u\000t\000u\000r\000e\000\040\000R\000e\000s\000e\000a\000r\000c\000h\000\040\000D\000i\000r\000e\000c\000t\000i\000o\000n\000s}{chapter.146}% 133
\BOOKMARK [0][-]{dummy.150}{\376\377\000R\000e\000f\000e\000r\000e\000n\000c\000e\000s}{}% 134
\BOOKMARK [0][-]{appendix.152}{\376\377\000A\000\040\000A\000p\000p\000e\000n\000d\000i\000x}{}% 135
\BOOKMARK [1][-]{section.153}{\376\377\000A\000.\0001\000\040\000A\000d\000d\000i\000t\000i\000o\000n\000a\000l\000\040\000F\000i\000g\000u\000r\000e\000s}{appendix.152}% 136
\BOOKMARK [1][-]{section.154}{\376\377\000A\000.\0002\000\040\000C\000o\000n\000f\000i\000g\000u\000r\000a\000t\000i\000o\000n\000\040\000D\000e\000t\000a\000i\000l\000s}{appendix.152}% 137
